[gowrisoftsolutions.com/index.html]
[backblue.gif]
[fade.gif]
[index.html]
[gowrisoftsolutions.com/assets/css/bootstrap.min.css]
[gowrisoftsolutions.com/assets/css/font-awesome.min.css]
[gowrisoftsolutions.com/assets/css/themify-icons.css]
[gowrisoftsolutions.com/assets/css/owl.carousel.css]
[gowrisoftsolutions.com/assets/css/slick.css]
[gowrisoftsolutions.com/css/style.css]
[gowrisoftsolutions.com/css/scheme/orange.css]
[gowrisoftsolutions.com/css/responsive.css]
[gowrisoftsolutions.com/css/gowrisoft.css]
[gowrisoftsolutions.com/images/favicon.png]
[gowrisoftsolutions.com/images/apple-touch-icon.png]
[gowrisoftsolutions.com/images/icon-72x72.png]
[gowrisoftsolutions.com/images/icon-114x114.png]
[gowrisoftsolutions.com/images/lgo.png]
[gowrisoftsolutions.com/index-2.html]
[gowrisoftsolutions.com/pages/services/qaconsultingservice.html]
[gowrisoftsolutions.com/pages/services/qaoutsourcingservice.html]
[gowrisoftsolutions.com/pages/services/testadvisoryservices.html]
[gowrisoftsolutions.com/pages/services/corporatetraining.html]
[gowrisoftsolutions.com/pages/services/internship.html]
[gowrisoftsolutions.com/pages/domains/banking.html]
[gowrisoftsolutions.com/pages/domains/insurance.html]
[gowrisoftsolutions.com/pages/domains/healthcare.html]
[gowrisoftsolutions.com/pages/domains/financialservices.html]
[gowrisoftsolutions.com/pages/domains/retail.html]
[gowrisoftsolutions.com/pages/domains/salesperformance.html]
[gowrisoftsolutions.com/pages/domains/ecommerce.html]
[gowrisoftsolutions.com/pages/domains/energynpower.html]
[gowrisoftsolutions.com/pages/domains/chargeback.html]
[gowrisoftsolutions.com/pages/domains/invoiceexclusions.html]
[gowrisoftsolutions.com/pages/domains/manufacturing.html]
[gowrisoftsolutions.com/pages/domains/digitalmedianadvertising.html]
[gowrisoftsolutions.com/pages/domains/Education.html]
[gowrisoftsolutions.com/pages/domains/isv.html]
[gowrisoftsolutions.com/pages/domains/automotive.html]
[gowrisoftsolutions.com/pages/domains/telecom.html]
[gowrisoftsolutions.com/pages/testing/functionaltesting.html]
[gowrisoftsolutions.com/pages/testing/regressiontesting.html]
[gowrisoftsolutions.com/pages/testing/compatibilitytesting.html]
[gowrisoftsolutions.com/pages/testing/systemtesting.html]
[gowrisoftsolutions.com/pages/testing/acceptancetesting.html]
[gowrisoftsolutions.com/pages/testing/desktopapplicationtesting.html]
[gowrisoftsolutions.com/pages/testing/ecommercetesting.html]
[gowrisoftsolutions.com/pages/testing/gametesting.html]
[gowrisoftsolutions.com/pages/testing/installationtesting.html]
[gowrisoftsolutions.com/pages/testing/webapplicationtesting.html]
[gowrisoftsolutions.com/pages/testing/mobileappstesting.html]
[gowrisoftsolutions.com/pages/testing/usabilitytesting.html]
[gowrisoftsolutions.com/pages/testing/localizationtesting.html]
[gowrisoftsolutions.com/pages/testing/performancetesting.html]
[gowrisoftsolutions.com/pages/testing/securitytesting.html]
[gowrisoftsolutions.com/pages/testing/guirwebautomationtesting.html]
[gowrisoftsolutions.com/pages/testing/mobileautomationtesting.html]
[gowrisoftsolutions.com/pages/testing/apitestingnwebservices.html]
[gowrisoftsolutions.com/pages/testing/datawarehouse.html]
[gowrisoftsolutions.com/pages/testing/databasetesting.html]
[gowrisoftsolutions.com/careers.html]
[gowrisoftsolutions.com/about.html]
[gowrisoftsolutions.com/contact.html]
[gowrisoftsolutions.com/images/banner/bnr1.jpg]
[gowrisoftsolutions.com/images/banner/bnr2.jpg]
[gowrisoftsolutions.com/images/banner/bnr3.jpg]
[gowrisoftsolutions.com/images/banner/bnr6.jpg]
[gowrisoftsolutions.com/images/banner/bnr4.jpg]
[gowrisoftsolutions.com/images/banner/bnr7.jpg]
[gowrisoftsolutions.com/images/banner/bnr5.jpg]
[gowrisoftsolutions.com/images/banner/bnr8.jpg]
[gowrisoftsolutions.com/images/banner/bnr9.jpg]
[gowrisoftsolutions.com/images/banner/bnr10.jpg]
[gowrisoftsolutions.com/privacy.html]
[gowrisoftsolutions.com/terms.html]
[gowrisoftsolutions.com/sitemap.html]
[gowrisoftsolutions.com/assets/js/jquery.min.js]
[gowrisoftsolutions.com/assets/js/bootstrap.min.js]
[gowrisoftsolutions.com/assets/js/owl.carousel.min.js]
[gowrisoftsolutions.com/assets/js/slick.min.js]
[gowrisoftsolutions.com/js/custom.js]
[gowrisoftsolutions.com/js/map.js]
[gowrisoftsolutions.com/index.html]
[gowrisoftsolutions.com/assets/fonts/glyphicons-halflings-regular.eot]
[gowrisoftsolutions.com/assets/fonts/glyphicons-halflings-regulard41d.eot]
[gowrisoftsolutions.com/assets/fonts/glyphicons-halflings-regular.woff2]
[gowrisoftsolutions.com/assets/fonts/glyphicons-halflings-regular.woff]
[gowrisoftsolutions.com/assets/fonts/glyphicons-halflings-regular.ttf]
[gowrisoftsolutions.com/assets/css/bootstrap.min.css]
[gowrisoftsolutions.com/assets/fonts/fontawesome-webfont3e6e.eot]
[gowrisoftsolutions.com/assets/fonts/fontawesome-webfontd41d.eot]
[gowrisoftsolutions.com/assets/fonts/fontawesome-webfont.woff2]
[gowrisoftsolutions.com/assets/fonts/fontawesome-webfont3e6e.woff]
[gowrisoftsolutions.com/assets/fonts/fontawesome-webfont3e6e.ttf]
[gowrisoftsolutions.com/assets/css/font-awesome.min.css]
[gowrisoftsolutions.com/assets/fonts/themify9f24.eot]
[gowrisoftsolutions.com/assets/fonts/themifyd41d.eot]
[gowrisoftsolutions.com/assets/fonts/themify9f24.woff]
[gowrisoftsolutions.com/assets/fonts/themify9f24.ttf]
[gowrisoftsolutions.com/assets/css/themify-icons.css]
[gowrisoftsolutions.com/assets/img/grabbing.png]
[gowrisoftsolutions.com/assets/css/owl.carousel.css]
[gowrisoftsolutions.com/assets/css/slick.css]
[gowrisoftsolutions.com/images/banner/5.jpg]
[gowrisoftsolutions.com/images/banner/6.jpg]
[gowrisoftsolutions.com/images/banner/7.jpg]
[gowrisoftsolutions.com/images/banner/11.jpg]
[gowrisoftsolutions.com/images/banner/12.jpg]
[gowrisoftsolutions.com/images/banner/13.jpg]
[gowrisoftsolutions.com/images/banner/8.jpg]
[gowrisoftsolutions.com/images/banner/10.jpg]
[gowrisoftsolutions.com/images/bg/1.jpg]
[gowrisoftsolutions.com/images/bg/2.jpg]
[gowrisoftsolutions.com/images/bg/3.jpg]
[gowrisoftsolutions.com/images/bg/4.jpg]
[gowrisoftsolutions.com/images/bg/5.jpg]
[gowrisoftsolutions.com/images/bg/6.jpg]
[gowrisoftsolutions.com/images/bg/7.jpg]
[gowrisoftsolutions.com/images/bg/8.jpg]
[gowrisoftsolutions.com/images/bg/9.jpg]
[gowrisoftsolutions.com/images/bg/10.jpg]
[gowrisoftsolutions.com/images/bg/11.jpg]
[gowrisoftsolutions.com/images/bg/12.jpg]
[gowrisoftsolutions.com/images/bg/13.jpg]
[gowrisoftsolutions.com/images/bg/14.jpg]
[gowrisoftsolutions.com/images/bg/15.jpg]
[gowrisoftsolutions.com/images/bg/17.jpg]
[gowrisoftsolutions.com/images/bg/16.jpg]
[gowrisoftsolutions.com/css/style.css]
[gowrisoftsolutions.com/css/scheme/orange.css]
[gowrisoftsolutions.com/css/responsive.css]
[gowrisoftsolutions.com/css/gowrisoft.css]
[gowrisoftsolutions.com/index-2.html]
[gowrisoftsolutions.com/assets/css/magnific-popup.css]
[gowrisoftsolutions.com/assets/js/imagesloaded.pkgd.min.js]
[gowrisoftsolutions.com/assets/js/visible.js]
[gowrisoftsolutions.com/pages/services/qaconsultingservice.html]
[gowrisoftsolutions.com/pages/services/qaoutsourcingservice.html]
[gowrisoftsolutions.com/pages/services/testadvisoryservices.html]
[gowrisoftsolutions.com/pages/services/corporatetraining.html]
[gowrisoftsolutions.com/pages/services/internship.html]
[gowrisoftsolutions.com/pages/domains/banking.html]
[gowrisoftsolutions.com/pages/domains/insurance.html]
[gowrisoftsolutions.com/pages/domains/healthcare.html]
[gowrisoftsolutions.com/pages/domains/financialservices.html]
[gowrisoftsolutions.com/pages/domains/retail.html]
[gowrisoftsolutions.com/pages/domains/salesperformance.html]
[gowrisoftsolutions.com/pages/domains/ecommerce.html]
[gowrisoftsolutions.com/pages/domains/energynpower.html]
[gowrisoftsolutions.com/pages/domains/chargeback.html]
[gowrisoftsolutions.com/pages/domains/invoiceexclusions.html]
[gowrisoftsolutions.com/pages/domains/manufacturing.html]
[gowrisoftsolutions.com/pages/domains/digitalmedianadvertising.html]
[gowrisoftsolutions.com/assets/js/isotope.pkgd.min.js]
[gowrisoftsolutions.com/pages/domains/Education.html]
[gowrisoftsolutions.com/pages/domains/isv.html]
[gowrisoftsolutions.com/pages/domains/automotive.html]
[gowrisoftsolutions.com/pages/domains/telecom.html]
[gowrisoftsolutions.com/pages/testing/functionaltesting.html]
[gowrisoftsolutions.com/pages/testing/regressiontesting.html]
[gowrisoftsolutions.com/pages/testing/compatibilitytesting.html]
[gowrisoftsolutions.com/pages/testing/systemtesting.html]
[gowrisoftsolutions.com/pages/testing/acceptancetesting.html]
[gowrisoftsolutions.com/pages/testing/desktopapplicationtesting.html]
[gowrisoftsolutions.com/pages/testing/ecommercetesting.html]
[gowrisoftsolutions.com/pages/testing/gametesting.html]
[gowrisoftsolutions.com/pages/testing/installationtesting.html]
[gowrisoftsolutions.com/pages/testing/webapplicationtesting.html]
[gowrisoftsolutions.com/pages/testing/mobileappstesting.html]
[gowrisoftsolutions.com/pages/testing/usabilitytesting.html]
[gowrisoftsolutions.com/pages/testing/localizationtesting.html]
[gowrisoftsolutions.com/pages/testing/performancetesting.html]
[gowrisoftsolutions.com/pages/testing/securitytesting.html]
[gowrisoftsolutions.com/pages/testing/guirwebautomationtesting.html]
[gowrisoftsolutions.com/pages/testing/mobileautomationtesting.html]
[gowrisoftsolutions.com/pages/testing/apitestingnwebservices.html]
[gowrisoftsolutions.com/pages/testing/datawarehouse.html]
[gowrisoftsolutions.com/pages/testing/databasetesting.html]
[gowrisoftsolutions.com/careers.html]
[gowrisoftsolutions.com/about.html]
[gowrisoftsolutions.com/contact.html]
[gowrisoftsolutions.com/images/services/consultation.svg]
[gowrisoftsolutions.com/images/services/advisory.svg]
[gowrisoftsolutions.com/images/services/outsourcing.svg]
[gowrisoftsolutions.com/images/services/teaching.svg]
[gowrisoftsolutions.com/images/services/internship.svg]
[gowrisoftsolutions.com/images/services/data.svg]
[gowrisoftsolutions.com/images/services/icon.svg]
[gowrisoftsolutions.com/images/services/smartphone.svg]
[gowrisoftsolutions.com/images/services/performance.svg]
[gowrisoftsolutions.com/images/services/jigsaw.svg]
[gowrisoftsolutions.com/images/services/database.svg]
[gowrisoftsolutions.com/images/services/api.svg]
[gowrisoftsolutions.com/images/services/big-data.svg]
[gowrisoftsolutions.com/images/whyGSS/change.svg]
[gowrisoftsolutions.com/images/whyGSS/network.svg]
[gowrisoftsolutions.com/images/whyGSS/server.svg]
[gowrisoftsolutions.com/images/whyGSS/gift.svg]
[gowrisoftsolutions.com/images/whyGSS/customer.svg]
[gowrisoftsolutions.com/images/whyGSS/research.svg]
[gowrisoftsolutions.com/privacy.html]
[gowrisoftsolutions.com/terms.html]
[gowrisoftsolutions.com/sitemap.html]
[gowrisoftsolutions.com/assets/fonts/glyphicons-halflings-regular.svg]
[gowrisoftsolutions.com/assets/fonts/fontawesome-webfont3e6e.svg]
[gowrisoftsolutions.com/assets/fonts/themify9f24.svg]
[gowrisoftsolutions.com/images/banner/1.html]
[gowrisoftsolutions.com/images/banner/9.html]
[gowrisoftsolutions.com/assets/css/magnific-popup.css]
[gowrisoftsolutions.com/pages/domains/domains/Education.html]
